11:42:07 **** Incremental Build of configuration Debug for project BinarySemaphoreExample ****
make -j20 all 
arm-none-eabi-gcc "../Core/Src/main.c" -mcpu=cortex-m4 -std=gnu11 -g3 -DDEBUG -DUSE_HAL_DRIVER -DSTM32F429xx -c -I../Core/Inc -I../Drivers/STM32F4xx_HAL_Driver/Inc -I../Drivers/STM32F4xx_HAL_Driver/Inc/Legacy -I../Drivers/CMSIS/Device/ST/STM32F4xx/Include -I../Drivers/CMSIS/Include -I../Middlewares/Third_Party/FreeRTOS/Source/include -I../Middlewares/Third_Party/FreeRTOS/Source/CMSIS_RTOS -I../Middlewares/Third_Party/FreeRTOS/Source/portable/GCC/ARM_CM4F -O0 -ffunction-sections -fdata-sections -Wall -fstack-usage -fcyclomatic-complexity -MMD -MP -MF"Core/Src/main.d" -MT"Core/Src/main.o" --specs=nano.specs -mfpu=fpv4-sp-d16 -mfloat-abi=hard -mthumb -o "Core/Src/main.o"
arm-none-eabi-gcc -o "BinarySemaphoreExample.elf" @"objects.list"   -mcpu=cortex-m4 -T"C:\Users\cp199\OneDrive\Documentos\FreeRTOS_STM32F429\BinarySemaphoreExample\STM32F429ZITX_FLASH.ld" --specs=nosys.specs -Wl,-Map="BinarySemaphoreExample.map" -Wl,--gc-sections -static --specs=nano.specs -mfpu=fpv4-sp-d16 -mfloat-abi=hard -mthumb -Wl,--start-group -lc -lm -Wl,--end-group
Finished building target: BinarySemaphoreExample.elf
 
arm-none-eabi-size  BinarySemaphoreExample.elf 
arm-none-eabi-objdump -h -S BinarySemaphoreExample.elf  > "BinarySemaphoreExample.list"
   text	   data	    bss	    dec	    hex	filename
  21708	     96	  18424	  40228	   9d24	BinarySemaphoreExample.elf
Finished building: default.size.stdout
 
Finished building: BinarySemaphoreExample.list
 

11:42:07 Build Finished. 0 errors, 0 warnings. (took 806ms)

